Makefile
exec_cmdline
minishell_test
minishell_test.o
test.h
