minishell: echo: write error: Bad file descriptor
