minishell: ./exec_cmdline/no_exec_permission.sh: Permission denied
