minishell: no_read_permission.txt: Permission denied
