minishell: no_write_permission.txt: Permission denied
